// Jest Snapshot v1, https://goo.gl/fbAQLP

exports[`ConfigTestCases css css-dead-code-removal exported tests should tree shake CSS modules 1`] = `
".my-app-274-zx {
	color: red;
	padding: 11px;
}





.my-app-274-eX {
	color: blue;
	padding: 13px;

	.Nested {
		color: #ffc;
		padding: 3px;
	}
}

.my-app-274-P3 .my-app-274-W0 {
	color: #fff;
	padding: 14px;
}
head{--webpack-my-app-649:zx/eX/P3/W0/_274;}"
`;
